........................................................................ [ 26%]
........................................................................ [ 53%]
........................................................................ [ 80%]
.....................................................                    [100%]
============================== warnings summary ===============================
C:\Users\ÀÔ—œ≈‡\AppData\Roaming\Python\Python313\site-packages\langgraph\cache\base\__init__.py:8
  C:\Users\ÀÔ—œ≈‡\AppData\Roaming\Python\Python313\site-packages\langgraph\cache\base\__init__.py:8: LangChainPendingDeprecationWarning: The default value of `allowed_objects` will change in a future version. Pass an explicit value (e.g., allowed_objects='messages' or allowed_objects='core') to suppress this warning.
    from langgraph.checkpoint.serde.jsonplus import JsonPlusSerializer

..\minicondas\conda\Lib\site-packages\fastapi\testclient.py:1
  G:\minicondas\conda\Lib\site-packages\fastapi\testclient.py:1: StarletteDeprecationWarning: Using `httpx` with `starlette.testclient` is deprecated; install `httpx2` instead.
    from starlette.testclient import TestClient as TestClient  # noqa

-- Docs: https://docs.pytest.org/en/stable/how-to/capture-warnings.html
269 passed, 2 warnings in 184.59s (0:03:04)
