Exception in thread Thread-5 (_readerthread):
Traceback (most recent call last):
  File "G:\minicondas\conda\Lib\threading.py", line 1044, in _bootstrap_inner
    self.run()
    ~~~~~~~~^^
  File "G:\minicondas\conda\Lib\threading.py", line 995, in run
    self._target(*self._args, **self._kwargs)
    ~~~~~~~~~~~~^^^^^^^^^^^^^^^^^^^^^^^^^^^^^
  File "G:\minicondas\conda\Lib\subprocess.py", line 1615, in _readerthread
    buffer.append(fh.read())
                  ~~~~~~~^^
UnicodeDecodeError: 'gbk' codec can't decode byte 0xb9 in position 46: illegal multibyte sequence
Unexpected cygpath error, fallback to manual path conversion
  AttributeError: 'NoneType' object has no attribute 'strip'
